// Jest Snapshot v1, https://goo.gl/fbAQLP

exports[`should Checkbox render correctly 1`] = `
<View
  style={
    Array [
      Object {
        "alignItems": "center",
        "display": "flex",
        "flexDirection": "row",
      },
      Array [
        Object {},
      ],
    ]
  }
  testID="Box"
>
  <View
    accessible={true}
    focusable={true}
    onClick={[Function]}
    onResponderGrant={[Function]}
    onResponderMove={[Function]}
    onResponderRelease={[Function]}
    onResponderTerminate={[Function]}
    onResponderTerminationRequest={[Function]}
    onStartShouldSetResponder={[Function]}
    style={
      Object {
        "alignItems": "center",
        "backgroundColor": "#106CEE",
        "borderColor": "#B4BBC2",
        "borderRadius": 4,
        "borderWidth": 0,
        "height": 24,
        "justifyContent": "center",
        "width": 24,
      }
    }
    testID="checkbox"
  >
    <Icon
      color="#fff"
      name="check"
      size={16}
    />
  </View>
  <Text
    style={
      Array [
        Object {
          "color": "#2D3338",
          "display": "flex",
          "fontFamily": "\\"Inter\\", sans-serif",
          "fontWeight": "400",
          "marginLeft": 8,
        },
        Array [
          Object {
            "fontSize": 14,
          },
        ],
      ]
    }
    testID="checkbox-label"
  >
    Label da checkbox
  </Text>
</View>
`;
